// Jest Snapshot v1, https://goo.gl/fbAQLP

exports[`Text should render properly 1`] = `"<p class=\\"sc-bdVaJa ibTDPh\\">message</p>"`;
