// Jest Snapshot v1, https://goo.gl/fbAQLP

exports[`EmptyComponent should render properly 1`] = `"<div><h1 class=\\"sc-bdVaJa rOCEJ\\">Box1 not found.</h1></div>"`;
